// Jest Snapshot v1, https://goo.gl/fbAQLP

exports[`Keyboard component renders corectly 1`] = `
<div
  className="keyboard"
>
  <div
    className="sc-ifAKCX ddGpXl"
  >
    <button
      className="sc-bdVaJa kJPfjo"
      disabled={false}
      id="delete-button"
      onClick={[Function]}
    >
      <span
        className="sc-bwzfXH bRskXu"
      >
        <span
          className="sc-htpNat dTzEks"
        >
          Del
        </span>
      </span>
    </button>
    <button
      className="sc-bdVaJa kJPfjo"
      disabled={false}
      id="submit-button"
      onClick={[Function]}
    >
      <span
        className="sc-bwzfXH bRskXu"
      >
        <span
          className="sc-htpNat dTzEks"
        >
          Submit
        </span>
      </span>
    </button>
  </div>
  <div
    className="sc-bxivhb idnipy"
  >
    <button
      className="sc-bdVaJa kJPfjo"
      disabled={false}
      id={null}
      onClick={[Function]}
    >
      <span
        className="sc-bwzfXH bRskXu"
      >
        <span
          className="sc-htpNat hQGCOZ"
        >
          1
        </span>
        <span
          className="sc-htpNat dTzEks"
        >
          -
        </span>
      </span>
    </button>
    <button
      className="sc-bdVaJa kJPfjo"
      disabled={false}
      id={null}
      onClick={[Function]}
    >
      <span
        className="sc-bwzfXH bRskXu"
      >
        <span
          className="sc-htpNat hQGCOZ"
        >
          2
        </span>
        <span
          className="sc-htpNat dTzEks"
        >
          a b c
        </span>
      </span>
    </button>
    <button
      className="sc-bdVaJa kJPfjo"
      disabled={false}
      id={null}
      onClick={[Function]}
    >
      <span
        className="sc-bwzfXH bRskXu"
      >
        <span
          className="sc-htpNat hQGCOZ"
        >
          3
        </span>
        <span
          className="sc-htpNat dTzEks"
        >
          d e f
        </span>
      </span>
    </button>
    <button
      className="sc-bdVaJa kJPfjo"
      disabled={false}
      id={null}
      onClick={[Function]}
    >
      <span
        className="sc-bwzfXH bRskXu"
      >
        <span
          className="sc-htpNat hQGCOZ"
        >
          4
        </span>
        <span
          className="sc-htpNat dTzEks"
        >
          g h i
        </span>
      </span>
    </button>
    <button
      className="sc-bdVaJa kJPfjo"
      disabled={false}
      id={null}
      onClick={[Function]}
    >
      <span
        className="sc-bwzfXH bRskXu"
      >
        <span
          className="sc-htpNat hQGCOZ"
        >
          5
        </span>
        <span
          className="sc-htpNat dTzEks"
        >
          j k l
        </span>
      </span>
    </button>
    <button
      className="sc-bdVaJa kJPfjo"
      disabled={false}
      id={null}
      onClick={[Function]}
    >
      <span
        className="sc-bwzfXH bRskXu"
      >
        <span
          className="sc-htpNat hQGCOZ"
        >
          6
        </span>
        <span
          className="sc-htpNat dTzEks"
        >
          m n o
        </span>
      </span>
    </button>
    <button
      className="sc-bdVaJa kJPfjo"
      disabled={false}
      id={null}
      onClick={[Function]}
    >
      <span
        className="sc-bwzfXH bRskXu"
      >
        <span
          className="sc-htpNat hQGCOZ"
        >
          7
        </span>
        <span
          className="sc-htpNat dTzEks"
        >
          p q r s
        </span>
      </span>
    </button>
    <button
      className="sc-bdVaJa kJPfjo"
      disabled={false}
      id={null}
      onClick={[Function]}
    >
      <span
        className="sc-bwzfXH bRskXu"
      >
        <span
          className="sc-htpNat hQGCOZ"
        >
          8
        </span>
        <span
          className="sc-htpNat dTzEks"
        >
          t u v
        </span>
      </span>
    </button>
    <button
      className="sc-bdVaJa kJPfjo"
      disabled={false}
      id={null}
      onClick={[Function]}
    >
      <span
        className="sc-bwzfXH bRskXu"
      >
        <span
          className="sc-htpNat hQGCOZ"
        >
          9
        </span>
        <span
          className="sc-htpNat dTzEks"
        >
          w x y z
        </span>
      </span>
    </button>
  </div>
  <div
    className="sc-ifAKCX hOWDZm"
  >
    <button
      className="sc-bdVaJa kJPfjo"
      disabled={false}
      id={null}
      onClick={[Function]}
    >
      <span
        className="sc-bwzfXH bRskXu"
      >
        <span
          className="sc-htpNat hQGCOZ"
        >
          0
        </span>
        <span
          className="sc-htpNat dTzEks"
        >
          ? ! .
        </span>
      </span>
    </button>
  </div>
</div>
`;
