// Jest Snapshot v1, https://goo.gl/fbAQLP

exports[`Keyboard component renders corectly 1`] = `
<div
  className="keyboard"
>
  <div
    className="keyboard__line"
  >
    <button
      className="keyboard__button"
      onClick={[Function]}
    >
      Del
    </button>
    <button
      className="keyboard__button"
      disabled={false}
      onClick={[Function]}
    >
      Submit
    </button>
  </div>
  <div
    className="keyboard__line"
  >
    <div
      className="keyboard__button"
      onClick={[Function]}
    >
      <div
        className="keyboard__chars-wrapper"
      >
        <span
          className="keyboard__number"
        >
          1
        </span>
        <span
          className="keyboard__letters"
        >
          -
        </span>
      </div>
    </div>
    <div
      className="keyboard__button"
      onClick={[Function]}
    >
      <div
        className="keyboard__chars-wrapper"
      >
        <span
          className="keyboard__number"
        >
          2
        </span>
        <span
          className="keyboard__letters"
        >
          a b c
        </span>
      </div>
    </div>
    <div
      className="keyboard__button"
      onClick={[Function]}
    >
      <div
        className="keyboard__chars-wrapper"
      >
        <span
          className="keyboard__number"
        >
          3
        </span>
        <span
          className="keyboard__letters"
        >
          d e f
        </span>
      </div>
    </div>
  </div>
  <div
    className="keyboard__line"
  >
    <div
      className="keyboard__button"
      onClick={[Function]}
    >
      <div
        className="keyboard__chars-wrapper"
      >
        <span
          className="keyboard__number"
        >
          4
        </span>
        <span
          className="keyboard__letters"
        >
          g h i
        </span>
      </div>
    </div>
    <div
      className="keyboard__button"
      onClick={[Function]}
    >
      <div
        className="keyboard__chars-wrapper"
      >
        <span
          className="keyboard__number"
        >
          5
        </span>
        <span
          className="keyboard__letters"
        >
          j k l
        </span>
      </div>
    </div>
    <div
      className="keyboard__button"
      onClick={[Function]}
    >
      <div
        className="keyboard__chars-wrapper"
      >
        <span
          className="keyboard__number"
        >
          6
        </span>
        <span
          className="keyboard__letters"
        >
          m n o
        </span>
      </div>
    </div>
  </div>
  <div
    className="keyboard__line"
  >
    <div
      className="keyboard__button"
      onClick={[Function]}
    >
      <div
        className="keyboard__chars-wrapper"
      >
        <span
          className="keyboard__number"
        >
          7
        </span>
        <span
          className="keyboard__letters"
        >
          p q r s
        </span>
      </div>
    </div>
    <div
      className="keyboard__button"
      onClick={[Function]}
    >
      <div
        className="keyboard__chars-wrapper"
      >
        <span
          className="keyboard__number"
        >
          8
        </span>
        <span
          className="keyboard__letters"
        >
          t u v
        </span>
      </div>
    </div>
    <div
      className="keyboard__button"
      onClick={[Function]}
    >
      <div
        className="keyboard__chars-wrapper"
      >
        <span
          className="keyboard__number"
        >
          9
        </span>
        <span
          className="keyboard__letters"
        >
          w x y z
        </span>
      </div>
    </div>
  </div>
  <div
    className="keyboard__line--last"
  >
    <div
      className="keyboard__button"
      onClick={[Function]}
    >
      <div
        className="keyboard__chars-wrapper"
      >
        <span
          className="keyboard__number"
        >
          0
        </span>
        <span
          className="keyboard__letters"
        >
          ? ! .
        </span>
      </div>
    </div>
  </div>
</div>
`;
